type octile
height 36
width 74
map
TTTTTTTTTTTTTTTTTTTTTTTTTTTTTTTTTTTTTTTTTTTTTTTTTTTTTTTTTTTTTTTTTTTTTTTTTT
T........................................................................T
T........................................................................T
T..TT.TTTT.TTTT.TTTT.TTTT.TT.T.TT.TTTT.TTTT.TTTT.TTTT.TTTT.TTTT.TTTT.TT..T
T..TT.TTTT.TTTT.TTTT.TTTT.TT.T.TT.TTTT.TTTT.TTTT.TTTT.TTTT.TTTT.TTTT.TT..T
T..TT.TTTT.TTTT.TTTT.TTTT.TT.T.TT.TTTT.TTTT.TTTT.TTTT.TTTT.TTTT.TTTT.TT..T
T..TT.TTTT.TTTT.TTTT.TTTT.TT.T.TT.TTTT.TTTT.TTTT.TTTT.TTTT.TTTT.TTTT.TT..T
T..TT.TTTT.TTTT.TTTT.TTTT.TT.T.TT.TTTT.TTTT.TTTT.TTTT.TTTT.TTTT.TTTT.TT..T
T..TT.TTTT.TTTT.TTTT.TTTT.TT.T.TT.TTTT.TTTT.TTTT.TTTT.TTTT.TTTT.TTTT.TT..T
T........................................................................T
T........................................................................T
T..TT.TTTT.TTTT.TTTT.TTTT.TT.T.TT.TTTT.TTTT.TTTT.TTTT.TTTT.TTTT.TTTT.TT..T
T..TT.TTTT.TTTT.TTTT.TTTT.TT.T.TT.TTTT.TTTT.TTTT.TTTT.TTTT.TTTT.TTTT.TT..T
T..TT.TTTT.TTTT.TTTT.TTTT.TT.T.TT.TTTT.TTTT.TTTT.TTTT.TTTT.TTTT.TTTT.TT..T
T..TT.TTTT.TTTT.TTTT.TTTT.TT.T.TT.TTTT.TTTT.TTTT.TTTT.TTTT.TTTT.TTTT.TT..T
T..TT.TTTT.TTTT.TTTT.TTTT.TT.T.TT.TTTT.TTTT.TTTT.TTTT.TTTT.TTTT.TTTT.TT..T
T..TT.TTTT.TTTT.TTTT.TTTT.TT.T.TT.TTTT.TTTT.TTTT.TTTT.TTTT.TTTT.TTTT.TT..T
T........................................................................T
T........................................................................T
T..TT.TTTT.TTTT.TTTT.TTTT.TT.T.TT.TTTT.TTTT.TTTT.TTTT.TTTT.TTTT.TTTT.TT..T
T..TT.TTTT.TTTT.TTTT.TTTT.TT.T.TT.TTTT.TTTT.TTTT.TTTT.TTTT.TTTT.TTTT.TT..T
T..TT.TTTT.TTTT.TTTT.TTTT.TT.T.TT.TTTT.TTTT.TTTT.TTTT.TTTT.TTTT.TTTT.TT..T
T..TT.TTTT.TTTT.TTTT.TTTT.TT.T.TT.TTTT.TTTT.TTTT.TTTT.TTTT.TTTT.TTTT.TT..T
T..TT.TTTT.TTTT.TTTT.TTTT.TT.T.TT.TTTT.TTTT.TTTT.TTTT.TTTT.TTTT.TTTT.TT..T
T..TT.TTTT.TTTT.TTTT.TTTT.TT.T.TT.TTTT.TTTT.TTTT.TTTT.TTTT.TTTT.TTTT.TT..T
T........................................................................T
T........................................................................T
T..TT.TTTT.TTTT.TTTT.TTTT.TT.T.TT.TTTT.TTTT.TTTT.TTTT.TTTT.TTTT.TTTT.TT..T
T..TT.TTTT.TTTT.TTTT.TTTT.TT.T.TT.TTTT.TTTT.TTTT.TTTT.TTTT.TTTT.TTTT.TT..T
T..TT.TTTT.TTTT.TTTT.TTTT.TT.T.TT.TTTT.TTTT.TTTT.TTTT.TTTT.TTTT.TTTT.TT..T
T..TT.TTTT.TTTT.TTTT.TTTT.TT.T.TT.TTTT.TTTT.TTTT.TTTT.TTTT.TTTT.TTTT.TT..T
T..TT.TTTT.TTTT.TTTT.TTTT.TT.T.TT.TTTT.TTTT.TTTT.TTTT.TTTT.TTTT.TTTT.TT..T
T..TT.TTTT.TTTT.TTTT.TTTT.TT.T.TT.TTTT.TTTT.TTTT.TTTT.TTTT.TTTT.TTTT.TT..T
T........................................................................T
T........................................................................T
TTTTTTTTTTTTTTTTTTTTTTTTTTTTTTTTTTTTTTTTTTTTTTTTTTTTTTTTTTTTTTTTTTTTTTTTTT
